_CASCADIA       7D      FN01A   2011-07-27 00:00:00     LDEO Trawl-Resistant OBS Site FN01A
_CASCADIA       7D      FN01C   2013-08-30 00:00:00     LDEO OBS TRAWL-RESISTANT
_CASCADIA       7D      FN02C   2013-08-31 00:00:00     LDEO OBS TRAWL-RESISTANT
_CASCADIA       7D      FN03A   2011-07-28 00:00:00     LDEO Trawl-Resistant OBS Site FN03A
_CASCADIA       7D      FN03C   2013-08-31 00:00:00     LDEO OBS TRAWL-RESISTANT
_CASCADIA       7D      FN04C   2013-08-31 00:00:00     LDEO OBS TRAWL-RESISTANT
_CASCADIA       7D      FN05A   2011-07-29 00:00:00     LDEO OBS TRAWL-RESISTANT
_CASCADIA       7D      FN05C   2013-08-31 00:00:00     LDEO OBS TRAWL-RESISTANT
_CASCADIA       7D      FN06A   2011-07-30 00:00:00     LDEO Trawl-Resistant OBS Site FN06A
_CASCADIA       7D      FN06C   2013-09-01 00:00:00     LDEO OBS TRAWL-RESISTANT
_CASCADIA       7D      FN07A   2011-07-28 00:00:00     LDEO Trawl-Resistant OBS Site FN07A
_CASCADIA       7D      FN07C   2013-09-01 00:00:00     LDEO OBS TRAWL-RESISTANT
_CASCADIA       7D      FN08A   2011-07-29 00:00:00     LDEO Trawl-Resistant OBS Site FN08A
_CASCADIA       7D      FN08C   2013-09-02 00:00:00     LDEO OBS TRAWL-RESISTANT
_CASCADIA       7D      FN09A   2011-07-26 00:00:00     LDEO Trawl-Resistant OBS Site FN09A
_CASCADIA       7D      FN09C   2013-09-01 00:00:00     LDEO OBS TRAWL-RESISTANT
_CASCADIA       7D      FN10A   2011-07-26 00:00:00     LDEO Trawl-Resistant OBS Site FN10A
_CASCADIA       7D      FN10C   2013-09-02 00:00:00     LDEO OBS TRAWL-RESISTANT
_CASCADIA       7D      FN11C   2013-09-03 00:00:00     LDEO OBS TRAWL-RESISTANT
_CASCADIA       7D      FN12A   2011-07-27 00:00:00     LDEO Trawl-Resistant OBS Site FN12A
_CASCADIA       7D      FN12C   2013-09-03 00:00:00     LDEO OBS TRAWL-RESISTANT
_CASCADIA       7D      FN13C   2013-09-04 00:00:00     LDEO OBS STANDARD DEEP
_CASCADIA       7D      FN14A   2011-07-31 00:00:00     LDEO Trawl-Resistant OBS Site FN14A
_CASCADIA       7D      FN14C   2013-09-03 00:00:00     LDEO OBS TRAWL-RESISTANT
_CASCADIA       7D      FN16A   2011-10-17 00:00:00     LDEO OBS STANDARD DEEP
_CASCADIA       7D      FN16C   2013-09-04 00:00:00     LDEO OBS STANDARD DEEP
_CASCADIA       7D      FN17C   2013-09-03 00:00:00     LDEO OBS TRAWL-RESISTANT
_CASCADIA       7D      FN18A   2011-07-30 00:00:00     LDEO Trawl-Resistant OBS Site FN18A
_CASCADIA       7D      FN18C   2013-09-02 00:00:00     LDEO OBS TRAWL-RESISTANT
_CASCADIA       7D      FN19A   2011-07-30 00:00:00     LDEO Trawl-Resistant OBS Site FN19A
_CASCADIA       7D      FN19C   2013-08-30 00:00:00     LDEO OBS TRAWL-RESISTANT
_CASCADIA       7D      FS01B   2012-09-02 00:00:00     SIO OBS ID FS01B
_CASCADIA       7D      FS02B   2012-09-13 00:00:00     LDEO OBS STANDARD DEEP
_CASCADIA       7D      FS03B   2012-09-13 00:00:00     LDEO OBS TRAWL-RESISTANT
_CASCADIA       7D      FS04B   2012-09-14 00:00:00     LDEO OBS TRAWL-RESISTANT
_CASCADIA       7D      FS05B   2012-08-27 00:00:00     WHOI OBS ID S80
_CASCADIA       7D      FS06B   2012-08-27 00:00:00     WHOI OBS ID S87
_CASCADIA       7D      FS07B   2012-09-13 00:00:00     LDEO OBS STANDARD DEEP
_CASCADIA       7D      FS08B   2012-09-14 00:00:00     LDEO OBS TRAWL-RESISTANT
_CASCADIA       7D      FS09B   2012-08-28 00:00:00     WHOI OBS ID S85
_CASCADIA       7D      FS10B   2012-09-13 00:00:00     LDEO OBS STANDARD DEEP
_CASCADIA       7D      FS11B   2012-09-15 00:00:00     LDEO OBS TRAWL-RESISTANT
_CASCADIA       7D      FS12B   2012-09-14 00:00:00     LDEO OBS TRAWL-RESISTANT
_CASCADIA       7D      FS13B   2012-09-12 00:00:00     LDEO OBS STANDARD DEEP
_CASCADIA       7D      FS14B   2012-09-02 00:00:00     SIO OBS ID FS14B
_CASCADIA       7D      FS15B   2012-09-13 00:00:00     LDEO OBS TRAWL-RESISTANT
_CASCADIA       7D      FS16B   2012-09-12 00:00:00     LDEO OBS STANDARD DEEP
_CASCADIA       7D      FS17B   2012-09-15 00:00:00     LDEO OBS TRAWL-RESISTANT
_CASCADIA       7D      FS18B   2012-09-16 00:00:00     LDEO OBS TRAWL-RESISTANT
_CASCADIA       7D      FS19B   2012-09-16 00:00:00     LDEO OBS TRAWL-RESISTANT
_CASCADIA       7D      FS20B   2012-09-12 00:00:00     LDEO OBS STANDARD DEEP
_CASCADIA       7D      G02B    2012-09-03 00:00:00     SIO OBS ID G02B
_CASCADIA       7D      G03A    2011-11-17 00:00:00     WHOI OBS ID S87
_CASCADIA       7D      G03B    2012-08-27 00:00:00     WHOI OBS ID S89
_CASCADIA       7D      G04B    2012-08-27 00:00:00     WHOI OBS ID T103
_CASCADIA       7D      G05B    2012-08-27 00:00:00     WHOI OBS ID T110
_CASCADIA       7D      G09B    2012-09-16 00:00:00     LDEO OBS TRAWL-RESISTANT
_CASCADIA       7D      G10B    2012-09-03 00:00:00     SIO OBS ID G10B
_CASCADIA       7D      G11B    2012-08-28 00:00:00     WHOI OBS ID T111
_CASCADIA       7D      G12B    2012-09-03 00:00:00     SIO OBS ID G12B
_CASCADIA       7D      G13B    2012-08-26 00:00:00     WHOI OBS ID T105
_CASCADIA       7D      G17B    2012-09-17 00:00:00     LDEO OBS TRAWL-RESISTANT
_CASCADIA       7D      G18B    2012-09-18 00:00:00     LDEO OBS STANDARD DEEP
_CASCADIA       7D      G19B    2012-08-28 00:00:00     WHOI OBS ID T106
_CASCADIA       7D      G20B    2012-08-28 00:00:00     WHOI OBS ID T113
_CASCADIA       7D      G21B    2012-08-28 00:00:00     WHOI OBS ID T102
_CASCADIA       7D      G22B    2012-08-26 00:00:00     WHOI OBS ID T108
_CASCADIA       7D      G25B    2012-09-18 00:00:00     LDEO OBS TRAWL-RESISTANT
_CASCADIA       7D      G26B    2012-09-17 00:00:00     LDEO OBS STANDARD DEEP
_CASCADIA       7D      G27B    2012-09-03 00:00:00     SIO OBS ID G27B
_CASCADIA       7D      G28B    2012-09-05 00:00:00     SIO OBS ID G28B
_CASCADIA       7D      G29B    2012-08-29 00:00:00     WHOI OBS ID T104
_CASCADIA       7D      G30A    2011-11-18 00:00:00     WHOI OBS ID S88
_CASCADIA       7D      G30B    2012-08-26 00:00:00     WHOI OBS ID S81
_CASCADIA       7D      G33B    2012-09-19 00:00:00     LDEO OBS TRAWL-RESISTANT
_CASCADIA       7D      G34B    2012-09-11 00:00:00     LDEO OBS STANDARD DEEP
_CASCADIA       7D      G35B    2012-08-29 00:00:00     WHOI OBS ID T109
_CASCADIA       7D      G36B2   2012-08-29 00:00:00     WHOI OBS ID T101
_CASCADIA       7D      G37B    2012-09-05 00:00:00     SIO OBS ID G37B
_CASCADIA       7D      J06A    2011-11-19 00:00:00     WHOI OBS ID S81
_CASCADIA       7D      J06B    2012-08-26 00:00:00     WHOI OBS ID S88
_CASCADIA       7D      J09B    2012-09-02 00:00:00     SIO OBS ID J09B
_CASCADIA       7D      J10B    2012-09-01 00:00:00     SIO OBS ID J10B
_CASCADIA       7D      J11B    2012-08-30 00:00:00     WHOI OBS ID T112
_CASCADIA       7D      J17B    2012-07-16 00:00:00     LDEO OBS TRAWL-RESISTANT
_CASCADIA       7D      J18B    2012-09-01 00:00:00     SIO OBS ID J18B
_CASCADIA       7D      J19B    2012-08-30 00:00:00     WHOI OBS ID T114
_CASCADIA       7D      J20B    2012-09-06 00:00:00     SIO OBS ID J20B
_CASCADIA       7D      J21C    2013-08-08 00:00:00     WHOI OBS ID S86
_CASCADIA       7D      J23A    2011-11-21 00:00:00     WHOI OBS ID S80
_CASCADIA       7D      J23B    2012-08-24 00:00:00     WHOI OBS ID S86
_CASCADIA       7D      J23C    2013-08-08 00:00:00     WHOI OBS ID S82
_CASCADIA       7D      J25A    2011-10-21 00:00:00     SIO OBS ID J25A
_CASCADIA       7D      J25B    2012-07-15 00:00:00     LDEO OBS TRAWL-RESISTANT
_CASCADIA       7D      J25C    2013-08-22 00:00:00     SIO OBS ID J25C
_CASCADIA       7D      J26A    2011-10-21 00:00:00     LDEO Standard Deep OBS Site J26A
_CASCADIA       7D      J26C    2013-09-06 00:00:00     LDEO OBS STANDARD DEEP
_CASCADIA       7D      J27B    2012-08-24 00:00:00     WHOI OBS ID T107
_CASCADIA       7D      J28A    2011-11-16 00:00:00     WHOI OBS ID S84
_CASCADIA       7D      J28B    2012-08-24 00:00:00     WHOI OBS ID S83
_CASCADIA       7D      J28C    2013-08-02 00:00:00     WHOI OBS ID S87
_CASCADIA       7D      J29A    2011-11-20 00:00:00     WHOI OBS ID T102
_CASCADIA       7D      J29C    2013-08-02 00:00:00     WHOI OBS ID T109
_CASCADIA       7D      J30A    2011-11-20 00:00:00     WHOI OBS ID T106
_CASCADIA       7D      J30C    2013-08-07 00:00:00     WHOI OBS ID T103
_CASCADIA       7D      J31A    2011-11-21 00:00:00     WHOI OBS ID T105
_CASCADIA       7D      J31C    2013-08-07 00:00:00     WHOI OBS ID T104
_CASCADIA       7D      J32C    2013-08-08 00:00:00     WHOI OBS ID S81
_CASCADIA       7D      J33A    2011-10-16 00:00:00     SIO OBS ID J33A
_CASCADIA       7D      J33B    2012-07-14 00:00:00     LDEO OBS TRAWL-RESISTANT
_CASCADIA       7D      J33C    2013-08-22 00:00:00     SIO OBS ID J33C
_CASCADIA       7D      J34A    2011-10-16 00:00:00     LDEO Standard Deep OBS Site J34A
_CASCADIA       7D      J34C    2013-09-06 00:00:00     LDEO OBS STANDARD DEEP
_CASCADIA       7D      J35A    2011-10-19 00:00:00     SIO OBS ID J35A
_CASCADIA       7D      J35C    2013-08-09 00:00:00     WHOI OBS ID T114
_CASCADIA       7D      J36A    2011-10-19 00:00:00     SIO OBS ID J36A
_CASCADIA       7D      J36C    2013-08-09 00:00:00     WHOI OBS ID T108
_CASCADIA       7D      J37A    2011-11-28 00:00:00     WHOI OBS ID T109
_CASCADIA       7D      J37C    2013-08-02 00:00:00     WHOI OBS ID T106
_CASCADIA       7D      J38A    2011-11-23 00:00:00     WHOI OBS ID T114
_CASCADIA       7D      J38C    2013-08-07 00:00:00     WHOI OBS ID T113
_CASCADIA       7D      J39A    2011-11-22 00:00:00     WHOI OBS ID T101
_CASCADIA       7D      J39C    2013-08-06 00:00:00     WHOI OBS ID T102
_CASCADIA       7D      J41A    2011-07-25 00:00:00     LDEO Trawl-Resistant OBS Site J41A
_CASCADIA       7D      J41C    2013-08-30 00:00:00     LDEO OBS TRAWL-RESISTANT
_CASCADIA       7D      J42A    2011-10-16 00:00:00     LDEO Standard Deep OBS Site J42A
_CASCADIA       7D      J42C    2013-09-05 00:00:00     LDEO OBS STANDARD DEEP
_CASCADIA       7D      J43A    2011-10-19 00:00:00     SIO OBS ID J43A
_CASCADIA       7D      J43C    2013-08-09 00:00:00     WHOI OBS ID T111
_CASCADIA       7D      J44A    2011-10-19 00:00:00     SIO OBS ID J44A
_CASCADIA       7D      J44C    2013-08-09 00:00:00     WHOI OBS ID T101
_CASCADIA       7D      J45A    2011-11-28 00:00:00     WHOI OBS ID T111
_CASCADIA       7D      J45C    2013-08-03 00:00:00     WHOI OBS ID T105
_CASCADIA       7D      J46A    2011-11-23 00:00:00     WHOI OBS ID S86
_CASCADIA       7D      J46C    2013-08-07 00:00:00     WHOI OBS ID T107
_CASCADIA       7D      J47A    2011-11-23 00:00:00     WHOI OBS ID T108
_CASCADIA       7D      J47C    2013-08-07 00:00:00     WHOI OBS ID T110
_CASCADIA       7D      J48A    2011-11-23 00:00:00     WHOI OBS ID S85
_CASCADIA       7D      J48B    2012-08-25 00:00:00     WHOI OBS ID S82
_CASCADIA       7D      J48C    2013-08-06 00:00:00     WHOI OBS ID S88
_CASCADIA       7D      J49A    2011-07-26 00:00:00     LDEO Trawl-resistant OBS Site J49A
_CASCADIA       7D      J49C    2013-08-31 00:00:00     LDEO OBS TRAWL-RESISTANT
_CASCADIA       7D      J50A    2011-10-17 00:00:00     LDEO Standard Deep OBS Site J50A
_CASCADIA       7D      J50C    2013-09-04 00:00:00     LDEO OBS STANDARD DEEP
_CASCADIA       7D      J51A    2011-10-19 00:00:00     LDEO OBS STANDARD DEEP
_CASCADIA       7D      J51C    2013-09-06 00:00:00     LDEO OBS STANDARD DEEP
_CASCADIA       7D      J52A    2011-11-28 00:00:00     WHOI OBS ID T107
_CASCADIA       7D      J52C    2013-08-20 00:00:00     SIO OBS ID J52C
_CASCADIA       7D      J53A    2011-11-28 00:00:00     WHOI OBS ID S82
_CASCADIA       7D      J53C    2013-08-20 00:00:00     SIO OBS ID J53C
_CASCADIA       7D      J54A    2011-11-27 00:00:00     WHOI OBS ID T115
_CASCADIA       7D      J54C    2013-08-03 00:00:00     WHOI OBS ID S83
_CASCADIA       7D      J55A    2011-11-24 00:00:00     WHOI OBS ID T112
_CASCADIA       7D      J55C    2013-08-06 00:00:00     WHOI OBS ID S89
_CASCADIA       7D      J57A    2011-10-17 00:00:00     SIO OBS ID J57A
_CASCADIA       7D      J57C    2013-09-02 00:00:00     LDEO OBS TRAWL-RESISTANT
_CASCADIA       7D      J58A    2011-10-18 00:00:00     LDEO Standard Deep OBS
_CASCADIA       7D      J58C    2013-09-04 00:00:00     LDEO OBS STANDARD DEEP
_CASCADIA       7D      J59A    2011-10-19 00:00:00     LDEO OBS STANDARD DEEP
_CASCADIA       7D      J59C    2013-09-05 00:00:00     LDEO OBS STANDARD DEEP
_CASCADIA       7D      J61A    2011-11-27 00:00:00     WHOI OBS ID T113
_CASCADIA       7D      J61C    2013-08-20 00:00:00     SIO OBS ID J61C
_CASCADIA       7D      J63A    2011-11-25 00:00:00     WHOI OBS ID S83
_CASCADIA       7D      J63B    2012-08-25 00:00:00     WHOI OBS ID S84
_CASCADIA       7D      J63C    2013-08-05 00:00:00     WHOI OBS ID S84
_CASCADIA       7D      J65A    2011-10-17 00:00:00     SIO OBS ID J65A
_CASCADIA       7D      J65C    2013-08-19 00:00:00     SIO OBS ID J65C
_CASCADIA       7D      J67A    2011-11-26 00:00:00     WHOI OBS ID T104
_CASCADIA       7D      J67C    2013-08-05 00:00:00     WHOI OBS ID S80
_CASCADIA       7D      J68A    2011-11-25 00:00:00     WHOI OBS ID S89
_CASCADIA       7D      J68C    2013-08-20 00:00:00     SIO OBS ID J68C
_CASCADIA       7D      J69C    2013-08-05 00:00:00     WHOI OBS ID S85
_CASCADIA       7D      J73A    2011-10-18 00:00:00     SIO OBS ID J73A
_CASCADIA       7D      J73C    2013-08-19 00:00:00     SIO OBS ID J73C
_CASCADIA       7D      M01A    2011-10-18 00:00:00     SIO OBS ID M01A
_CASCADIA       7D      M01C    2013-08-19 00:00:00     SIO OBS ID M01C
_CASCADIA       7D      M02A    2011-10-18 00:00:00     SIO OBS ID M02A
_CASCADIA       7D      M02C    2013-08-19 00:00:00     SIO OBS ID M02C
_CASCADIA       7D      M03A    2011-10-19 00:00:00     LDEO OBS STANDARD DEEP
_CASCADIA       7D      M03C    2013-08-19 00:00:00     SIO OBS ID M03C
_CASCADIA       7D      M04A    2011-10-17 00:00:00     SIO OBS ID M04A
_CASCADIA       7D      M04C    2013-08-19 00:00:00     SIO OBS ID M04C
_CASCADIA       7D      M05A    2011-10-17 00:00:00     SIO OBS ID M05A
_CASCADIA       7D      M05C    2013-08-19 00:00:00     SIO OBS ID M05C
_CASCADIA       7D      M06A    2011-10-16 00:00:00     LDEO Standard Deep OBS Site M06A
_CASCADIA       7D      M06C    2013-09-05 00:00:00     LDEO OBS STANDARD DEEP
_CASCADIA       7D      M07A    2011-10-15 00:00:00     SIO OBS ID M07A
_CASCADIA       7D      M07C    2013-08-21 00:00:00     SIO OBS ID M07C
_CASCADIA       7D      M08A    2011-10-20 00:00:00     SIO OBS ID M08A
_CASCADIA       7D      M08C    2013-08-21 00:00:00     SIO OBS ID M08C
_CASCADIA       7D      M09B    2012-07-17 00:00:00     LDEO OBS TRAWL-RESISTANT
_CASCADIA       7D      M10B    2012-07-16 00:00:00     LDEO OBS TRAWL-RESISTANT
_CASCADIA       7D      M11B    2012-09-02 00:00:00     SIO OBS ID M11B
_CASCADIA       7D      M12B    2012-09-02 00:00:00     SIO OBS ID M12B
_CASCADIA       7D      M13B    2012-09-18 00:00:00     LDEO OBS TRAWL-RESISTANT
_CASCADIA       7D      M14B    2012-09-02 00:00:00     SIO OBS ID M14B
_CASCADIA       7D      M18B    2012-07-14 00:00:00     LDEO OBS TRAWL-RESISTANT
_CASCADIA       BK      GASB    2005-09-22 00:00:00     Alder Springs, CA, USA
_CASCADIA       BK      HATC    2008-04-15 00:00:00     Hat Creek Radio Astronomy Obs., Cassel, CA, USA
_CASCADIA       BK      HUMO    2002-06-18 00:00:00     Hull Mountain, OR, USA
_CASCADIA       BK      JCC     2001-04-11 21:27:00     Jacoby Creek, Bayside, CA, USA
_CASCADIA       BK      MOD     1999-10-16 00:00:00     Modoc Plateau, CA, USA
_CASCADIA       BK      ORV     1992-07-31 18:50:00     Oroville Dam, Oroville, CA, USA
_CASCADIA       BK      SUTB    2008-05-22 22:54:00     Sutter Buttes, CA, USA
_CASCADIA       BK      WDC     1992-09-17 19:23:00     Whiskeytown Dam, Whiskeytown, CA, USA
_CASCADIA       BK      YBH     1996-10-22 00:00:00     Yreka Blue Horn Mine, Yreka, CA, USA
_CASCADIA       IU      COR     1995-05-13 00:00:00     Corvallis, Oregon, USA
_CASCADIA       IU      COR     2009-09-26 00:00:00     Corvallis, Oregon, USA
_CASCADIA       TA      A04D    2010-08-18 00:00:00     Lummi Island, WA, USA
_CASCADIA       TA      B05D    2010-08-23 00:00:00     Stanwood, WA, USA
_CASCADIA       TA      C06D    2010-08-30 00:00:00     Leavenworth, WA, USA
_CASCADIA       TA      D03D    2010-08-25 00:00:00     Eldon, WA, USA
_CASCADIA       TA      D04D    2010-08-19 00:00:00     Lakebay, WA, USA
_CASCADIA       TA      D04E    2012-10-11 00:00:00     Lakebay, WA, USA
_CASCADIA       TA      E04D    2010-08-26 00:00:00     Cinebar, WA, USA
_CASCADIA       TA      F04D    2009-11-14 00:00:00     Rainier, OR, USA
_CASCADIA       TA      F05D    2010-08-13 00:00:00     White Salmon, WA, USA
_CASCADIA       TA      G03D    2009-10-24 00:00:00     McMinnville, OR, USA
_CASCADIA       TA      G05D    2009-10-22 00:00:00     Wamic, OR, USA
_CASCADIA       TA      H04D    2010-08-12 00:00:00     Lebanon, OR, USA
_CASCADIA       TA      I02D    2010-08-07 00:00:00     Swisshome, OR, USA
_CASCADIA       TA      I03D    2009-11-03 00:00:00     Drain, OR, USA
_CASCADIA       TA      I04A    2006-11-03 00:00:00     Tendick Farm, Oakridge, OR, USA
_CASCADIA       TA      I05D    2009-10-20 00:00:00     Terrebonne, OR, USA
_CASCADIA       TA      J01D    2010-08-06 00:00:00     Myrtle Point, OR, USA
_CASCADIA       TA      J01E    2012-10-10 00:00:00     Myrtle Point, OR, USA
_CASCADIA       TA      J04D    2009-10-09 00:00:00     Umpqua National Forest, Toketee, OR, USA
_CASCADIA       TA      J05D    2009-10-16 00:00:00     Fort Rock, OR, USA
_CASCADIA       TA      K02D    2010-08-05 00:00:00     Willamette Meridian, OR, USA
_CASCADIA       TA      K04D    2009-10-13 00:00:00     Chiloquin, OR, USA
_CASCADIA       TA      L02D    2009-11-08 00:00:00     Cave Junction, OR, USA
_CASCADIA       TA      L02E    2012-10-10 00:00:00     Cave Junction, OR, USA
_CASCADIA       TA      L04D    2010-07-30 00:00:00     Klamath Falls, OR, USA
_CASCADIA       TA      M02C    2005-06-30 00:00:00     Callahan, CA, USA
_CASCADIA       TA      M04C    2005-06-30 00:00:00     Macdoel, CA, USA
_CASCADIA       TA      N02D    2009-11-05 00:00:00     Trinity Center, CA, USA
_CASCADIA       TA      O02D    2010-08-01 00:00:00     Mt. Diablo Meridian, CA, USA
_CASCADIA       TA      O03D    2010-08-02 00:00:00     Paynes Creek, CA, USA
_CASCADIA       TA      O03E    2012-10-08 00:00:00     Paynes Creek, CA, USA
_CASCADIA       UO      DBO     1994-02-01 00:00:00     Dodson Butte, OR (UO CREST BB SMO)
_CASCADIA       UO      EUO     2001-04-18 00:00:00     Eugene,OR U0 CREST BB SMO
_CASCADIA       UO      PIN     1991-01-11 00:00:00     Pine Mt., Oregon  (U0 BB CREST SMO)
_CASCADIA       US      HAWA    1999-04-23 00:00:00     Hanford, Washington, USA
_CASCADIA       US      NLWA    2006-07-05 00:00:00     Neilton Lookout, Washington, USA
_CASCADIA       US      WVOR    1994-06-22 00:00:00     Wild Horse Valley, Oregon, USA
_CASCADIA       UW      BLOW    2008-12-02 00:00:00     Detroit Lake, OR, USA
_CASCADIA       UW      CCRK    2012-01-19 00:00:00     Sunnyside, WA, USA
_CASCADIA       UW      DAVN    2009-01-08 00:00:00     Chrisman Ranch, Davenport, WA, USA
_CASCADIA       UW      DDRF    2012-01-19 01:00:00     Dider Farm, Eltopia, WA, USA
_CASCADIA       UW      ELW     1998-07-07 00:00:00     EchoLakeBPA
_CASCADIA       UW      FISH    2008-11-10 00:00:00     Seaside, OR, USA
_CASCADIA       UW      GNW     1995-03-01 00:00:00     Green Mountain (BB) CREST SMO
_CASCADIA       UW      HEBO    2001-10-31 00:00:00     Mt. Hebo, OR CREST BB SMO
_CASCADIA       UW      HOOD    2002-11-05 00:00:00     Mt Hood Meadows, OR CREST BB SMO
_CASCADIA       UW      IRON    2009-01-08 00:00:00     Circle Bar Ranch, Crane, OR, USA
_CASCADIA       UW      IZEE    2009-01-08 00:00:00     Izee, OR, USA
_CASCADIA       UW      KENT    2009-01-08 00:00:00     Carlson Farm, Grass Valley, OR, USA
_CASCADIA       UW      LCCR    2008-11-10 00:00:00     Mulino, OR, USA
_CASCADIA       UW      LEBA    2009-01-08 00:00:00     Lebam, WA, USA
_CASCADIA       UW      LON     1980-01-01 00:00:00     Longmire CREST broad-band
_CASCADIA       UW      LTY     1993-04-15 00:00:00     Liberty BB CREST SMO
_CASCADIA       UW      MEGW    2001-10-01 00:00:00     Megler, WA CREST BB SMO
_CASCADIA       UW      MRBL    2008-11-10 00:00:00     Marblemount, WA, USA
_CASCADIA       UW      OFR     1995-10-23 00:00:00     Olympics - Forest Resource Center
_CASCADIA       UW      OMAK    2008-11-10 00:00:00     Colville Reservation, Omak, WA, USA
_CASCADIA       UW      PASS    2009-01-08 00:00:00     Maple Falls, WA, USA
_CASCADIA       UW      PHIN    2012-01-19 00:00:00     Phinny Hill Vineyards, Prosser, WA, USA
_CASCADIA       UW      SP2     1997-07-01 00:00:00     Seward Park, Seattle SMO-IDS24 BB(7/97)
_CASCADIA       UW      SQM     2000-07-20 00:00:00     PNNL - Sequim, WA, USA
_CASCADIA       UW      STOR    2008-11-10 00:00:00     Enumclaw, WA, USA
_CASCADIA       UW      TAKO    2001-10-24 00:00:00     Tahkenitch, OR
_CASCADIA       UW      TOLO    2001-10-23 00:00:00     Toledo BPA, OR CREST BB SMO
_CASCADIA       UW      TOLT    2009-04-09 00:00:00     Tolt Res, WA old TA-C05A
_CASCADIA       UW      TREE    2009-01-08 00:00:00     Summer Lake, OR, USA
_CASCADIA       UW      TUCA    2009-01-08 00:00:00     Wood Farm, Starbuck, WA, USA
_CASCADIA       UW      UMAT    2008-12-02 00:00:00     Pilot Rock, OR, USA
_CASCADIA       UW      WISH    2004-04-20 00:00:00     Wishka, WA CREST BB SMO
_CASCADIA       UW      WOLL    2008-11-10 00:00:00     Wollman Farm, Schrag, WA, USA
_CASCADIA       UW      YACT    2008-10-27 16:00:00     Amboy, WA,  USA
