_CASCADIA-TA    TA      A04D    2010-08-18 00:00:00     Lummi Island, WA, USA
_CASCADIA-TA    TA      B05D    2010-08-23 00:00:00     Stanwood, WA, USA
_CASCADIA-TA    TA      C06D    2010-08-30 00:00:00     Leavenworth, WA, USA
_CASCADIA-TA    TA      D03D    2010-08-25 00:00:00     Eldon, WA, USA
_CASCADIA-TA    TA      D04D    2010-08-19 00:00:00     Lakebay, WA, USA
_CASCADIA-TA    TA      D04E    2012-10-11 00:00:00     Lakebay, WA, USA
_CASCADIA-TA    TA      E04D    2010-08-26 00:00:00     Cinebar, WA, USA
_CASCADIA-TA    TA      F04D    2009-11-14 00:00:00     Rainier, OR, USA
_CASCADIA-TA    TA      F05D    2010-08-13 00:00:00     White Salmon, WA, USA
_CASCADIA-TA    TA      G03D    2009-10-24 00:00:00     McMinnville, OR, USA
_CASCADIA-TA    TA      G05D    2009-10-22 00:00:00     Wamic, OR, USA
_CASCADIA-TA    TA      H04D    2010-08-12 00:00:00     Lebanon, OR, USA
_CASCADIA-TA    TA      I02D    2010-08-07 00:00:00     Swisshome, OR, USA
_CASCADIA-TA    TA      I03D    2009-11-03 00:00:00     Drain, OR, USA
_CASCADIA-TA    TA      I04A    2006-11-03 00:00:00     Tendick Farm, Oakridge, OR, USA
_CASCADIA-TA    TA      I05D    2009-10-20 00:00:00     Terrebonne, OR, USA
_CASCADIA-TA    TA      J01D    2010-08-06 00:00:00     Myrtle Point, OR, USA
_CASCADIA-TA    TA      J01E    2012-10-10 00:00:00     Myrtle Point, OR, USA
_CASCADIA-TA    TA      J04D    2009-10-09 00:00:00     Umpqua National Forest, Toketee, OR, USA
_CASCADIA-TA    TA      J05D    2009-10-16 00:00:00     Fort Rock, OR, USA
_CASCADIA-TA    TA      K02D    2010-08-05 00:00:00     Willamette Meridian, OR, USA
_CASCADIA-TA    TA      K04D    2009-10-13 00:00:00     Chiloquin, OR, USA
_CASCADIA-TA    TA      L02D    2009-11-08 00:00:00     Cave Junction, OR, USA
_CASCADIA-TA    TA      L02E    2012-10-10 00:00:00     Cave Junction, OR, USA
_CASCADIA-TA    TA      L04D    2010-07-30 00:00:00     Klamath Falls, OR, USA
_CASCADIA-TA    TA      M02C    2005-06-30 00:00:00     Callahan, CA, USA
_CASCADIA-TA    TA      M04C    2005-06-30 00:00:00     Macdoel, CA, USA
_CASCADIA-TA    TA      N02D    2009-11-05 00:00:00     Trinity Center, CA, USA
_CASCADIA-TA    TA      O02D    2010-08-01 00:00:00     Mt. Diablo Meridian, CA, USA
_CASCADIA-TA    TA      O03D    2010-08-02 00:00:00     Paynes Creek, CA, USA
_CASCADIA-TA    TA      O03E    2012-10-08 00:00:00     Paynes Creek, CA, USA
