NE11 YP
NE12 YP
NE21 YP
NE22 YP
NE23 YP
NE31 YP
NE32 YP
NE33 YP
NE34 YP
NE35 YP
NE36 YP
NE37 YP
NE38 YP
NE39 YP
NE3A YP
NE3B YP
NE3C YP
NE41 YP
NE42 YP
NE43 YP
NE44 YP
NE45 YP
NE46 YP
NE47 YP
NE48 YP
NE49 YP
NE4A YP
NE4B YP
NE51 YP
NE52 YP
NE53 YP
NE54 YP
NE55 YP
NE56 YP
NE57 YP
NE58 YP
NE59 YP
NE5A YP
NE5A YP
NE5B YP
NE5C YP
NE5D YP
NE5E YP
NE61 YP
NE61 YP
NE62 YP
NE63 YP
NE64 YP
NE65 YP
NE66 YP
NE67 YP
NE68 YP
NE69 YP
NE6A YP
NE6B YP
NE6C YP
NE6D YP
NE6E YP
NE6F YP
NE71 YP
NE72 YP
NE73 YP
NE74 YP
NE75 YP
NE76 YP
NE77 YP
NE78 YP
NE79 YP
NE7A YP
NE7B YP
NE7C YP
NE7D YP
NE7E YP
NE7F YP
NE7G YP
NE7H YP
NE81 YP
NE82 YP
NE83 YP
NE84 YP
NE85 YP
NE86 YP
NE87 YP
NE88 YP
NE89 YP
NE8A YP
NE8B YP
NE8C YP
NE8D YP
NE8E YP
NE8F YP
NE8G YP
NE8H YP
NE8I YP
NE91 YP
NE92 YP
NE93 YP
NE94 YP
NE95 YP
NE96 YP
NE97 YP
NE98 YP
NE99 YP
NE9A YP
NE9B YP
NE9C YP
NE9D YP
NE9E YP
NEA1 YP
NEA2 YP
NEA3 YP
NEA4 YP
NEA5 YP
NEA6 YP
NEA7 YP
NEA8 YP
NEA9 YP
NEAA YP
NEAB YP
NEAC YP
NEAD YP
NEAE YP
NEP1 YP
NEP2 YP
NEP3 YP
NEP4 YP
NEP5 YP
NEP6 YP
NEP7 YP
